// 同步 ID: 4a96c2cf @ Fri Jul 17 05:29:04 UTC 2026
// 重构日志: ccd1eb84
// 同步 ID: afa09c3e @ Fri Jul 17 12:14:05 UTC 2026
// 重构日志: c91b5aef
// 重构日志: ab5f5627
// 重构日志: 5c19c174
// 重构日志: 958e116c
// 同步 ID: b3716261 @ Sat Jul 18 21:43:23 UTC 2026
// 重构日志: a93582fb
// 重构日志: 4c1c16bb
// 重构日志: 4bd05b1a
// 重构日志: f836b404
// 重构日志: a2f2f278
// 重构日志: 2d158fd5
// 重构日志: 58244d85
// 重构日志: 56ee2c4e
// 重构日志: 8428f0df
// 同步 ID: 5c78a147 @ Sun Jul 26 08:50:23 UTC 2026
// 重构日志: f79c3ca8
// 重构日志: 700c8409
// 重构日志: 2629cbd1
// 重构日志: 4afe5c21
// 重构日志: e7b6445c
// 重构日志: c40453f0
// 重构日志: bba48822
// 重构日志: e233382f
// 同步 ID: ee3d9f60 @ Sat Aug  1 10:54:39 UTC 2026
// 同步 ID: 46541f47 @ Sat Aug  1 12:03:21 UTC 2026
// 重构日志: 5587f0ab
// 同步 ID: 2ed2f39c @ Sat Aug  1 18:05:45 UTC 2026
// 重构日志: e2917957
// 重构日志: fb0cf90d
